cmudict-en-us.dict
cmudict.dict
cmusphinx-en-us-5.2/README
cmusphinx-en-us-5.2/feat.params
cmusphinx-en-us-5.2/feature_transform
cmusphinx-en-us-5.2/mdef
cmusphinx-en-us-5.2/means
cmusphinx-en-us-5.2/mixture_weights
cmusphinx-en-us-5.2/noisedict
cmusphinx-en-us-5.2/transition_matrices
cmusphinx-en-us-5.2/variances
cmusphinx-en-us-8khz-5.2/README
cmusphinx-en-us-8khz-5.2/feat.params
cmusphinx-en-us-8khz-5.2/feature_transform
cmusphinx-en-us-8khz-5.2/mdef
cmusphinx-en-us-8khz-5.2/means
cmusphinx-en-us-8khz-5.2/mixture_weights
cmusphinx-en-us-8khz-5.2/noisedict
cmusphinx-en-us-8khz-5.2/transition_matrices
cmusphinx-en-us-8khz-5.2/variances
digits.gram
en-phone.dmp
en-us-ptm/README
en-us-ptm/feat.params
en-us-ptm/mdef
en-us-ptm/means
en-us-ptm/noisedict
en-us-ptm/sendump
en-us-ptm/transition_matrices
en-us-ptm/variances
en-us.lm.bin
en-us/README
en-us/feat.params
en-us/mdef
en-us/means
en-us/mixture_weights
en-us/noisedict
en-us/sendump
en-us/transition_matrices
en-us/variances
menu.gram
weather.dmp
wsj_all_sc.cd_semi_5000/COPYING
wsj_all_sc.cd_semi_5000/feat.params
wsj_all_sc.cd_semi_5000/mdef
wsj_all_sc.cd_semi_5000/means
wsj_all_sc.cd_semi_5000/mixture_weights
wsj_all_sc.cd_semi_5000/noisedict
wsj_all_sc.cd_semi_5000/sendump
wsj_all_sc.cd_semi_5000/transition_matrices
wsj_all_sc.cd_semi_5000/variances